1720650849067871 B microfactory /home/ubuntu/lineage-20-build-td/out/microfactory_Linux
1720650849067909 B findDeps
1720650849068079 E findDeps
1720650849068112 B check compile github.com/google/blueprint/microfactory
1720650849068181 E check compile github.com/google/blueprint/microfactory
1720650849068192 B check compile main
1720650849068223 E check compile main
1720650849068227 B check link main
1720650849068248 E check link main
1720650849068265 B findDeps
1720650849077516 E findDeps
1720650849077728 B check compile github.com/google/blueprint/parser
1720650849077760 B check compile google.golang.org/protobuf/internal/pragma
1720650849077728 B check compile android/soong/ui/logger
1720650849077800 B check compile google.golang.org/protobuf/internal/version
1720650849077810 E check compile google.golang.org/protobuf/internal/pragma
1720650849077818 B check compile android/soong/finder/fs
1720650849077860 E check compile android/soong/ui/logger
1720650849077871 B check compile android/soong/ui/signal
1720650849077873 B check compile android/soong/ui/build/paths
1720650849077920 B check compile github.com/google/blueprint/metrics
1720650849077936 B check compile google.golang.org/protobuf/internal/flags
1720650849077990 E check compile google.golang.org/protobuf/internal/flags
1720650849077996 E check compile github.com/google/blueprint/parser
1720650849078002 E check compile android/soong/ui/build/paths
1720650849077899 B check compile github.com/google/blueprint/microfactory
1720650849078030 E check compile github.com/google/blueprint/metrics
1720650849078004 B check compile github.com/google/blueprint/proptools
1720650849078060 E check compile github.com/google/blueprint/microfactory
1720650849077915 E check compile android/soong/ui/signal
1720650849077877 B check compile github.com/google/blueprint/pathtools
1720650849077892 B check compile github.com/google/blueprint/deptools
1720650849078143 B check compile google.golang.org/protobuf/internal/set
1720650849078153 E check compile github.com/google/blueprint/deptools
1720650849078155 E check compile github.com/google/blueprint/pathtools
1720650849077989 E check compile android/soong/finder/fs
1720650849078170 B check compile android/soong/finder
1720650849078198 E check compile google.golang.org/protobuf/internal/set
1720650849077910 B check compile google.golang.org/protobuf/internal/detrand
1720650849077900 E check compile google.golang.org/protobuf/internal/version
1720650849078254 E check compile google.golang.org/protobuf/internal/detrand
1720650849078260 B check compile google.golang.org/protobuf/internal/errors
1720650849078260 E check compile android/soong/finder
1720650849078302 E check compile github.com/google/blueprint/proptools
1720650849078311 B check compile github.com/google/blueprint
1720650849078305 E check compile google.golang.org/protobuf/internal/errors
1720650849078344 B check compile google.golang.org/protobuf/encoding/protowire
1720650849078387 B check compile github.com/google/blueprint/bootstrap/bpdoc
1720650849078430 E check compile google.golang.org/protobuf/encoding/protowire
1720650849078438 B check compile google.golang.org/protobuf/reflect/protoreflect
1720650849078471 E check compile github.com/google/blueprint/bootstrap/bpdoc
1720650849078787 E check compile google.golang.org/protobuf/reflect/protoreflect
1720650849078925 B check compile google.golang.org/protobuf/internal/encoding/messageset
1720650849078974 B check compile google.golang.org/protobuf/internal/genid
1720650849078988 B check compile google.golang.org/protobuf/internal/order
1720650849079008 B check compile google.golang.org/protobuf/internal/descfmt
1720650849078991 B check compile google.golang.org/protobuf/internal/strs
1720650849079066 E check compile google.golang.org/protobuf/internal/order
1720650849078956 B check compile google.golang.org/protobuf/runtime/protoiface
1720650849079089 E check compile google.golang.org/protobuf/internal/descfmt
1720650849079032 E check compile google.golang.org/protobuf/internal/encoding/messageset
1720650849079141 B check compile google.golang.org/protobuf/reflect/protoregistry
1720650849079230 E check compile google.golang.org/protobuf/internal/strs
1720650849079513 B check compile google.golang.org/protobuf/internal/encoding/text
1720650849079541 B check compile google.golang.org/protobuf/internal/descopts
1720650849079597 E check compile google.golang.org/protobuf/reflect/protoregistry
1720650849079575 E check compile github.com/google/blueprint
1720650849079622 B check compile android/soong/bazel
1720650849079568 E check compile google.golang.org/protobuf/runtime/protoiface
1720650849079663 E check compile google.golang.org/protobuf/internal/encoding/text
1720650849079658 E check compile google.golang.org/protobuf/internal/descopts
1720650849079672 B check compile github.com/google/blueprint/bootstrap
1720650849079741 E check compile google.golang.org/protobuf/internal/genid
1720650849079752 B check compile google.golang.org/protobuf/proto
1720650849079674 B check compile google.golang.org/protobuf/internal/encoding/defval
1720650849079817 E check compile android/soong/bazel
1720650849079852 E check compile google.golang.org/protobuf/internal/encoding/defval
1720650849079864 E check compile github.com/google/blueprint/bootstrap
1720650849080027 E check compile google.golang.org/protobuf/proto
1720650849080042 B check compile android/soong/shared
1720650849080058 B check compile google.golang.org/protobuf/internal/filedesc
1720650849080070 B check compile google.golang.org/protobuf/encoding/prototext
1720650849080118 E check compile android/soong/shared
1720650849080173 E check compile google.golang.org/protobuf/encoding/prototext
1720650849080269 E check compile google.golang.org/protobuf/internal/filedesc
1720650849080284 B check compile google.golang.org/protobuf/internal/encoding/tag
1720650849080325 E check compile google.golang.org/protobuf/internal/encoding/tag
1720650849080336 B check compile google.golang.org/protobuf/internal/impl
1720650849081485 E check compile google.golang.org/protobuf/internal/impl
1720650849081500 B check compile google.golang.org/protobuf/internal/filetype
1720650849081549 E check compile google.golang.org/protobuf/internal/filetype
1720650849081559 B check compile google.golang.org/protobuf/runtime/protoimpl
1720650849081607 E check compile google.golang.org/protobuf/runtime/protoimpl
1720650849081617 B check compile android/soong/ui/metrics/metrics_proto
1720650849081628 B check compile android/soong/ui/metrics/upload_proto
1720650849081639 B check compile android/soong/ui/status/build_error_proto
1720650849081648 B check compile android/soong/ui/status/build_progress_proto
1720650849081664 B check compile android/soong/ui/status/ninja_frontend
1720650849081676 B check compile android/soong/ui/metrics/mk_metrics_proto
1720650849081723 E check compile android/soong/ui/metrics/metrics_proto
1720650849081705 E check compile android/soong/ui/status/build_progress_proto
1720650849081734 E check compile android/soong/ui/metrics/upload_proto
1720650849081758 E check compile android/soong/ui/status/ninja_frontend
1720650849081769 E check compile android/soong/ui/metrics/mk_metrics_proto
1720650849081701 E check compile android/soong/ui/status/build_error_proto
1720650849081782 B check compile android/soong/ui/status
1720650849081888 E check compile android/soong/ui/status
1720650849081902 B check compile android/soong/ui/tracer
1720650849081918 B check compile android/soong/ui/terminal
1720650849081968 E check compile android/soong/ui/tracer
1720650849081983 B check compile android/soong/ui/metrics
1720650849082044 E check compile android/soong/ui/metrics
1720650849082048 E check compile android/soong/ui/terminal
1720650849082061 B check compile android/soong/ui/build
1720650849082636 E check compile android/soong/ui/build
1720650849082651 B check compile main
1720650849082701 E check compile main
1720650849082705 B check link main
1720650849082718 E check link main
1720650849082724 E microfactory /home/ubuntu/lineage-20-build-td/out/microfactory_Linux
